pod.ship
hw_transport.ship
namek_transport.ship
light_fighter_fs1-001.ship
light_fighter_fs1-002.ship
light_fighter_fs1-003.ship
light_fighter_fs1-004.ship
light_fighter_fs1-005.ship
light_fighter_fs1-006.ship
light_fighter_fs1-007.ship
light_fighter_fs1-008.ship
light_fighter_fs1-009.ship
light_fighter_fs1-010.ship
light_fighter_fs1-011.ship
light_fighter_fs1-012.ship
light_fighter_fs1-013.ship
light_fighter_fs1-014.ship
light_fighter_fs1-015.ship
light_fighter_fs1-016.ship
light_fighter_fs1-017.ship
light_fighter_fs1-018.ship
light_fighter_fs1-019.ship
light_fighter_fs1-020.ship
light_fighter_fs1-021.ship
light_fighter_fs1-022.ship
light_fighter_fs1-023.ship
light_fighter_fs1-024.ship
light_fighter_fs1-025.ship
heavy_fighter_fs4-001.ship
heavy_fighter_fs4-002.ship
heavy_fighter_fs4-003.ship
heavy_fighter_fs4-004.ship
heavy_fighter_fs4-005.ship
heavy_fighter_fs4-006.ship
heavy_fighter_fs4-007.ship
heavy_fighter_fs4-008.ship
heavy_fighter_fs4-009.ship
heavy_fighter_fs4-010.ship
heavy_fighter_fs4-011.ship
heavy_fighter_fs4-012.ship
heavy_fighter_fs4-013.ship
heavy_fighter_fs4-014.ship
heavy_fighter_fs4-015.ship
heavy_fighter_fs4-016.ship
heavy_fighter_fs4-017.ship
heavy_fighter_fs4-018.ship
heavy_fighter_fs4-019.ship
heavy_fighter_fs4-020.ship
heavy_fighter_fs4-021.ship
heavy_fighter_fs4-022.ship
heavy_fighter_fs4-023.ship
heavy_fighter_fs4-024.ship
heavy_fighter_fs4-025.ship
space_pod_p-001.ship
space_pod_p-002.ship
space_pod_p-003.ship
space_pod_p-004.ship
space_pod_p-005.ship
space_pod_p-006.ship
space_pod_p-007.ship
space_pod_p-008.ship
space_pod_p-009.ship
space_pod_p-010.ship
space_pod_p-011.ship
space_pod_p-012.ship
space_pod_p-013.ship
space_pod_p-014.ship
space_pod_p-015.ship
space_pod_p-016.ship
space_pod_p-017.ship
space_pod_p-018.ship
space_pod_p-019.ship
space_pod_p-020.ship
space_pod_p-021.ship
space_pod_p-022.ship
space_pod_p-023.ship
space_pod_p-024.ship
space_pod_p-025.ship
space_pod_pxl-001.ship
space_pod_pxl-002.ship
space_pod_pxl-003.ship
space_pod_pxl-004.ship
space_pod_pxl-005.ship
space_pod_pxl-006.ship
space_pod_pxl-007.ship
space_pod_pxl-008.ship
space_pod_pxl-009.ship
space_pod_pxl-010.ship
space_pod_pxl-011.ship
space_pod_pxl-012.ship
space_pod_pxl-013.ship
space_pod_pxl-014.ship
space_pod_pxl-015.ship
space_pod_pxl-016.ship
space_pod_pxl-017.ship
space_pod_pxl-018.ship
space_pod_pxl-019.ship
space_pod_pxl-020.ship
space_pod_pxl-021.ship
space_pod_pxl-022.ship
space_pod_pxl-023.ship
space_pod_pxl-024.ship
space_pod_pxl-025.ship
earth_turbocar
$
