Zzzzz~
Zoro~
zirexul~
Zippy~
Zero~
Zensekai~
Zen~
Zelos~
Zechs~
zarkonion~
zarbon~
Yyyeeetttiii~
yusuke~
you~
yamcha~
xell~
xanus~
xander~
Wraith~
Willow~
Weezy~
Weakzor~
Warshadobi~
warren~
wadek~
virus~
Viper~
vinegar~
vile~
Video~
Vex~
vegita~
vegetto~
vegeto~
vagina~
uub~
Urmum~
Unsilence~
Unknown~
Undtoromeso~
ultima~
ukog~
Ujean~
Uhawwwokwww~
ubuu~
Typho~
turlis~
turles~
trunks~
Trinity~
Titan~
tien*~
tien~
Thoran~
Thor~
thirteen~
the~
Testement~
terror~
Teddy~
Taze~
tapion~
tape~
taint~
Syder~
supreme~
Suffering~
steve~
Starting~
stalin*~
Ssx~
Splinter~
Spider~
Spawn~
Spades~
soul~
Sorrow~
soneone~
son~
someone~
snowglobe~
Snoop~
sniper~
Snew~
snake~
Smokey~
Smaug~
slut~
Skye~
Sin~
Simon~
Silborn~
sigma~
Siggma~
shibbmyster~
shibalan~
shenlo~
shen~
Shady~
seventeen~
Seven~
serpent~
self~
Screamer~
Scar~
satan~
Sasauge~
sancho~
Sammy~
Samm~
Sam~
Sakurarouge~
saiyaman~
Saian~
saddam~
roshi~
ronan~
Rocky~
Rip~
rimridder~
right*~
Retseam~
remron~
Red~
recoome~
Reaper~
Raptor~
Random~
Rally~
Ragnorak~
Ragnarok~
Rage~
radish~
quit~
purunga~
public~
puar~
prototype~
private~
porunga~
popo~
Pool~
Pilot~
pikon~
pikkon~
piccon~
phuck~
Pharoh~
personality~
perfect~
Penguin~
Pegasus~
Patrick~
parker~
Parcell~
pan~
ozma~
osama~
Orca~
oozaru~
oolong~
Omega~
olibu~
Ocean~
none~
Nomad~
Nny~
Nilsaisux~
Nilsaishot~
Nilsaii~
Nilm~
Nigr~
Niggr~
Niggam~
Niggah~
Niggababe~
nigga*~
Nigga~
Niger~
nexon~
Nexes~
newbie~
Neutron~
Nemesis~
naraku~
nappa~
name~
Mycole~
multani~
mrsatan~
Moose~
Mom~
Mitosis~
Mistify~
Mike~
Michael~
metzen~
Metro~
meiman~
Megaman~
Mechaguo~
Mcgee~
Mcdohl~
Mars~
Manticore~
majunior~
lute~
lunch~
Lucifer~
Lovng~
Loveunilsai~
Love~
Loser~
Lone~
Loki~
loail~
Lithium~
Linkin~
Link~
Lilreb~
lilith~
Levex~
lesbian~
Lazurus~
launch~
Lance~
Lalatest~
kylie~
krillen~
Koro~
Korn~
korin~
koola~
kool~
koan~
Knives~
Kman~
Kite~
Kinasi~
Killamike~
kill~
Kili~
Kikidar~
kid~
Khoren~
Kemikals~
Kccamp~
Katana~
karna~
Karisma~
kao~
Kamiccolo~
kame~
kakorotto~
kakorot~
kakkarot~
kakarot~
kakar~
kaio~
kacorot~
kabito~
kabeto~
Kabbage~
Jynxs~
Jubilation~
John~
Jim~
Jezus~
Jewel~
jew~
jeice~
janemba~
janem~
Jameso~
James~
Jacob~
immy~
immortal~
imm~
hussein~
Huricane~
hundred~
Hoolee~
Hiyoto~
hitler~
Hexx~
hercule~
hen~
Heavensflame~
Healsed~
Haze~
hawk~
Haven~
harry~
harano~
Hammers~
Hahahaha~
guru~
guok~
guava~
Guardian~
Grudge~
Goutan~
gouk~
gotin~
gonorrhea~
gold~
goku~
gohan~
gogita~
gogetta~
gogeta~
god~
Gnarly~
ginyu~
Ghost~
Ghetti~
gero~
Gauge~
Gary~
ganem~
froug~
Frootloop~
frieza~
freezer~
freeza~
Fraust~
Forge~
Forever~
Flux~
Flare~
Fez~
ferrin~
Fawksaiyr~
Fawkgooku~
Farmer~
Farker~
Falcon~
falco~
Faith~
Failings~
Expanz~
Exile~
Excel~
evolution~
Ether~
eraser~
enkarn~
enforcer~
eighteen~
Eggrasher~
Ebola~
Dynamix~
dummy~
Draymen~
dragon~
Doom~
Dominator~
dog~
dende~
demron~
Demos~
demon~
Delux~
delta~
Deeds~
Deathraider~
death~
dean~
Dbcf~
dark~
Dan~
damion~
dakkon~
dabura~
cyris~
cyber~
Corey~
Corems~
Cope~
Comet~
coder~
Cocoe~
Clepto~
cigma~
chilla~
chichi~
Chance~
cell~
Carlj~
byte~
buu~
burter~
bulma~
builder~
Buddee~
Buck~
broly~
brolly~
brolli~
broli~
bra~
Boo~
Bong~
Bobbyparcell~
Bob~
Blue~
Blood~
blizzard~
blaze~
Blahh~
Blade~
Blacky~
blackhawk~
black~
bit~
Biotest~
bibidi~
berg~
benny~
beam~
Barracuda~
Baron~
bardock~
Bank~
Bane~
Bala~
babidi~
Axel~
auto~
Asdfg~
Ark~
Antihero~
Angel~
android~
anbukakashi*~
anbu*~
Anatomically~
anarchy~
amrak~
alutel~
Alpha~
all~
Alfred~
albel~
albedo~
adolf~
admin~
Achiles~
Aaa~
*zarbon~
*xell~
*warrior~
*vishnu~
*viola~
*vegeta~
*vagina~
*vagin~
*ugly~
*two~
*twenty~
*twelve~
*trunks~
*three~
*thirty~
*thirteen~
*ten~
*tapion~
*taint~
*super~
*suck~
*ssj~
*spongebob~
*sniper~
*slut~
*sixty~
*silver~
*sigma~
*shiva~
*shit~
*shin~
*shibby~
*shenron~
*shenlong~
*shen~
*sharpner~
*sharpener~
*shadow~
*sex~
*seventy~
*seventeen~
*sephi~
*saiyan~
*robot~
*riki~
*recoome~
*raditz~
*queer~
*quan~
*pussy~
*piss~
*pilaf~
*piccolo~
*person~
*penis~
*nut~
*ninteen~
*ninety~
*nine~
*night~
*nigger~
*namek~
*melora~
*meiman~
*master~
*maru~
*majin~
*maelthra~
*lucky~
*lolo~
*kylie~
*kuririn~
*krillin~
*koronto~
*koji~
*king~
*kabito~
*kabeto~
*jr~
*jita~
*jesus~
*jehova~
*janemba~
*janem~
*issy~
*islvin~
*imp~
*imm*~
*igma~
*ice~
*hitler~
*hell~
*harry~
*goten~
*gotan~
*gok~
*gohan~
*goddess~
*god~
*gemini~
*gay~
*garlic~
*fuck~
*froug~
*frost~
*frieza~
*fourty~
*fourteen~
*four~
*five~
*fire~
*fight~
*fifty~
*fifteen~
*ferrin~
*fasha~
*fag~
*etto~
*ethereal~
*enks~
*eleven~
*elarith~
*eighty~
*eighteen~
*eight~
*dumb~
*droid~
*dragon~
*dog~
*dick~
*dendicollo~
*dbz~
*dark~
*dabura~
*crap~
*corrupt~
*coola~
*cool~
*cold~
*cock~
*cloud~
*christ~
*chill~
*chibi~
*catachan~
*buu~
*butt~
*buddha~
*bra~
*blizz~
*bitch~
*ball~
*ass~
*arma~
*anbu~
*allah~
*adolf~
(null)~
$~
